#! /usr/bin/vvp
:ivl_version "12.0 (stable)";
:ivl_delay_selection "TYPICAL";
:vpi_time_precision - 10;
:vpi_module "/usr/lib/x86_64-linux-gnu/ivl/system.vpi";
:vpi_module "/usr/lib/x86_64-linux-gnu/ivl/vhdl_sys.vpi";
:vpi_module "/usr/lib/x86_64-linux-gnu/ivl/vhdl_textio.vpi";
:vpi_module "/usr/lib/x86_64-linux-gnu/ivl/v2005_math.vpi";
:vpi_module "/usr/lib/x86_64-linux-gnu/ivl/va_math.vpi";
:vpi_module "/usr/lib/x86_64-linux-gnu/ivl/v2009.vpi";
S_0x5bb29bc6edc0 .scope package, "$unit" "$unit" 2 1;
 .timescale 0 0;
S_0x5bb29bc6ef50 .scope module, "testbench" "testbench" 3 3;
 .timescale -9 -10;
P_0x5bb29bc6f0e0 .param/l "INTERVAL_SIZE" 1 4 9, C4<00011111111111111111111111111111>;
v0x5bb29bc93bb0_0 .var "A", 31 0;
v0x5bb29bc93cc0_0 .var "B", 31 0;
v0x5bb29bc93d90_0 .net "C", 31 0, L_0x5bb29bc94060;  1 drivers
v0x5bb29bc93e90_0 .var "covered_A", 7 0;
v0x5bb29bc93f30_0 .var "covered_B", 7 0;
E_0x5bb29bc6e9b0 .event "gen_done";
S_0x5bb29bc35490 .scope begin, "$ivl_for_loop0" "$ivl_for_loop0" 4 19, 4 19 0, S_0x5bb29bc6ef50;
 .timescale -9 -10;
v0x5bb29bc35670_0 .var/2s "i", 31 0;
S_0x5bb29bc927f0 .scope begin, "$ivl_for_loop1" "$ivl_for_loop1" 4 26, 4 26 0, S_0x5bb29bc6ef50;
 .timescale -9 -10;
v0x5bb29bc929f0_0 .var/2s "i", 31 0;
S_0x5bb29bc92ad0 .scope begin, "$ivl_for_loop3" "$ivl_for_loop3" 3 49, 3 49 0, S_0x5bb29bc6ef50;
 .timescale -9 -10;
v0x5bb29bc92ce0_0 .var/2s "k", 31 0;
S_0x5bb29bc92dc0 .scope module, "DUT" "sum" 3 9, 5 1 0, S_0x5bb29bc6ef50;
 .timescale 0 0;
    .port_info 0 /INPUT 32 "a";
    .port_info 1 /INPUT 32 "b";
    .port_info 2 /OUTPUT 32 "c";
v0x5bb29bc93010_0 .net "a", 31 0, v0x5bb29bc93bb0_0;  1 drivers
v0x5bb29bc93110_0 .net "b", 31 0, v0x5bb29bc93cc0_0;  1 drivers
v0x5bb29bc931f0_0 .net "c", 31 0, L_0x5bb29bc94060;  alias, 1 drivers
L_0x5bb29bc94060 .arith/sum 32, v0x5bb29bc93bb0_0, v0x5bb29bc93cc0_0;
S_0x5bb29bc93360 .scope begin, "report_block" "report_block" 4 38, 4 38 0, S_0x5bb29bc6ef50;
 .timescale -9 -10;
v0x5bb29bc93870_0 .var/2s "count_a", 31 0;
v0x5bb29bc93970_0 .var/2s "count_b", 31 0;
v0x5bb29bc93a50_0 .var/real "score_a", 0 0;
v0x5bb29bc93af0_0 .var/real "score_b", 0 0;
S_0x5bb29bc93590 .scope begin, "$ivl_for_loop2" "$ivl_for_loop2" 4 47, 4 47 0, S_0x5bb29bc93360;
 .timescale -9 -10;
v0x5bb29bc93770_0 .var/2s "i", 31 0;
    .scope S_0x5bb29bc6ef50;
T_0 ;
    %fork t_1, S_0x5bb29bc6ef50;
    %fork t_2, S_0x5bb29bc6ef50;
    %join;
    %join/detach 1;
    %jmp t_0;
t_1 ;
T_0.0 ;
    %delay 10, 0;
    %fork t_4, S_0x5bb29bc35490;
    %jmp t_3;
    .scope S_0x5bb29bc35490;
t_4 ;
    %pushi/vec4 0, 0, 32;
    %store/vec4 v0x5bb29bc35670_0, 0, 32;
T_0.1 ;
    %load/vec4 v0x5bb29bc35670_0;
    %cmpi/s 8, 0, 32;
    %jmp/0xz T_0.2, 5;
    %load/vec4 v0x5bb29bc35670_0;
    %muli 536870911, 0, 32;
    %load/vec4 v0x5bb29bc93bb0_0;
    %cmp/u;
    %flag_or 5, 4;
    %flag_get/vec4 5;
    %jmp/0 T_0.5, 5;
    %load/vec4 v0x5bb29bc35670_0;
    %cmpi/e 7, 0, 32;
    %flag_get/vec4 4;
    %jmp/1 T_0.6, 4;
    %load/vec4 v0x5bb29bc93bb0_0;
    %load/vec4 v0x5bb29bc35670_0;
    %addi 1, 0, 32;
    %muli 536870911, 0, 32;
    %cmp/u;
    %flag_get/vec4 5;
    %or;
T_0.6;
    %and;
T_0.5;
    %flag_set/vec4 8;
    %jmp/0xz  T_0.3, 8;
    %pushi/vec4 1, 0, 1;
    %ix/getv/s 4, v0x5bb29bc35670_0;
    %store/vec4 v0x5bb29bc93e90_0, 4, 1;
T_0.3 ;
    ; show_stmt_assign_vector: Get l-value for compressed += operand
    %load/vec4 v0x5bb29bc35670_0;
    %pushi/vec4 1, 0, 32;
    %add;
    %cast2;
    %store/vec4 v0x5bb29bc35670_0, 0, 32;
    %jmp T_0.1;
T_0.2 ;
    %end;
    .scope S_0x5bb29bc6ef50;
t_3 %join;
    %fork t_6, S_0x5bb29bc927f0;
    %jmp t_5;
    .scope S_0x5bb29bc927f0;
t_6 ;
    %pushi/vec4 0, 0, 32;
    %store/vec4 v0x5bb29bc929f0_0, 0, 32;
T_0.7 ;
    %load/vec4 v0x5bb29bc929f0_0;
    %cmpi/s 8, 0, 32;
    %jmp/0xz T_0.8, 5;
    %load/vec4 v0x5bb29bc929f0_0;
    %muli 536870911, 0, 32;
    %load/vec4 v0x5bb29bc93cc0_0;
    %cmp/u;
    %flag_or 5, 4;
    %flag_get/vec4 5;
    %jmp/0 T_0.11, 5;
    %load/vec4 v0x5bb29bc929f0_0;
    %cmpi/e 7, 0, 32;
    %flag_get/vec4 4;
    %jmp/1 T_0.12, 4;
    %load/vec4 v0x5bb29bc93cc0_0;
    %load/vec4 v0x5bb29bc929f0_0;
    %addi 1, 0, 32;
    %muli 536870911, 0, 32;
    %cmp/u;
    %flag_get/vec4 5;
    %or;
T_0.12;
    %and;
T_0.11;
    %flag_set/vec4 8;
    %jmp/0xz  T_0.9, 8;
    %pushi/vec4 1, 0, 1;
    %ix/getv/s 4, v0x5bb29bc929f0_0;
    %store/vec4 v0x5bb29bc93f30_0, 4, 1;
T_0.9 ;
    ; show_stmt_assign_vector: Get l-value for compressed += operand
    %load/vec4 v0x5bb29bc929f0_0;
    %pushi/vec4 1, 0, 32;
    %add;
    %cast2;
    %store/vec4 v0x5bb29bc929f0_0, 0, 32;
    %jmp T_0.7;
T_0.8 ;
    %end;
    .scope S_0x5bb29bc6ef50;
t_5 %join;
    %jmp T_0.0;
    %end;
t_2 ;
    %wait E_0x5bb29bc6e9b0;
    %end;
    .scope S_0x5bb29bc6ef50;
t_0 ;
    %fork t_8, S_0x5bb29bc93360;
    %jmp t_7;
    .scope S_0x5bb29bc93360;
t_8 ;
    %pushi/vec4 0, 0, 32;
    %store/vec4 v0x5bb29bc93870_0, 0, 32;
    %pushi/vec4 0, 0, 32;
    %store/vec4 v0x5bb29bc93970_0, 0, 32;
    %fork t_10, S_0x5bb29bc93590;
    %jmp t_9;
    .scope S_0x5bb29bc93590;
t_10 ;
    %pushi/vec4 0, 0, 32;
    %store/vec4 v0x5bb29bc93770_0, 0, 32;
T_0.13 ;
    %load/vec4 v0x5bb29bc93770_0;
    %cmpi/s 8, 0, 32;
    %jmp/0xz T_0.14, 5;
    %load/vec4 v0x5bb29bc93e90_0;
    %load/vec4 v0x5bb29bc93770_0;
    %part/s 1;
    %cmpi/e 1, 0, 1;
    %jmp/0xz  T_0.15, 4;
    ; show_stmt_assign_vector: Get l-value for compressed += operand
    %load/vec4 v0x5bb29bc93870_0;
    %pushi/vec4 1, 0, 32;
    %add;
    %cast2;
    %store/vec4 v0x5bb29bc93870_0, 0, 32;
T_0.15 ;
    %load/vec4 v0x5bb29bc93f30_0;
    %load/vec4 v0x5bb29bc93770_0;
    %part/s 1;
    %cmpi/e 1, 0, 1;
    %jmp/0xz  T_0.17, 4;
    ; show_stmt_assign_vector: Get l-value for compressed += operand
    %load/vec4 v0x5bb29bc93970_0;
    %pushi/vec4 1, 0, 32;
    %add;
    %cast2;
    %store/vec4 v0x5bb29bc93970_0, 0, 32;
T_0.17 ;
    ; show_stmt_assign_vector: Get l-value for compressed += operand
    %load/vec4 v0x5bb29bc93770_0;
    %pushi/vec4 1, 0, 32;
    %add;
    %cast2;
    %store/vec4 v0x5bb29bc93770_0, 0, 32;
    %jmp T_0.13;
T_0.14 ;
    %end;
    .scope S_0x5bb29bc93360;
t_9 %join;
    %load/vec4 v0x5bb29bc93870_0;
    %cvt/rv/s;
    %pushi/real 1073741824, 4069; load=8.00000
    %div/wr;
    %pushi/real 1677721600, 4072; load=100.000
    %mul/wr;
    %store/real v0x5bb29bc93a50_0;
    %load/vec4 v0x5bb29bc93970_0;
    %cvt/rv/s;
    %pushi/real 1073741824, 4069; load=8.00000
    %div/wr;
    %pushi/real 1677721600, 4072; load=100.000
    %mul/wr;
    %store/real v0x5bb29bc93af0_0;
    %vpi_call/w 4 56 "$display", "========================================" {0 0 0};
    %vpi_call/w 4 57 "$display", "        \320\240\320\243\320\247\320\235\320\236\320\231 \320\236\320\242\320\247\320\225\320\242 \320\237\320\236 \320\237\320\236\320\232\320\240\320\253\320\242\320\230\320\256        " {0 0 0};
    %vpi_call/w 4 58 "$display", "========================================" {0 0 0};
    %vpi_call/w 4 59 "$display", "\320\236\320\277\320\265\321\200\320\260\320\275\320\264 A \320\277\320\276\320\272\321\200\321\213\321\202 \320\275\320\260: %3.1f%% (%0d \320\270\320\267 8 \320\270\320\275\321\202\320\265\321\200\320\262\320\260\320\273\320\276\320\262)", v0x5bb29bc93a50_0, v0x5bb29bc93870_0 {0 0 0};
    %vpi_call/w 4 60 "$display", "\320\236\320\277\320\265\321\200\320\260\320\275\320\264 B \320\277\320\276\320\272\321\200\321\213\321\202 \320\275\320\260: %3.1f%% (%0d \320\270\320\267 8 \320\270\320\275\321\202\320\265\321\200\320\262\320\260\320\273\320\276\320\262)", v0x5bb29bc93af0_0, v0x5bb29bc93970_0 {0 0 0};
    %vpi_call/w 4 61 "$display", "========================================" {0 0 0};
    %end;
    .scope S_0x5bb29bc6ef50;
t_7 %join;
    %end;
    .thread T_0;
    .scope S_0x5bb29bc6ef50;
T_1 ;
    %vpi_call/w 3 41 "$dumpfile", "dump.vcd" {0 0 0};
    %vpi_call/w 3 42 "$dumpvars", 32'sb00000000000000000000000000000000, S_0x5bb29bc6ef50 {0 0 0};
    %pushi/vec4 0, 0, 32;
    %store/vec4 v0x5bb29bc93bb0_0, 0, 32;
    %pushi/vec4 0, 0, 32;
    %store/vec4 v0x5bb29bc93cc0_0, 0, 32;
    %delay 10, 0;
    %fork t_12, S_0x5bb29bc92ad0;
    %jmp t_11;
    .scope S_0x5bb29bc92ad0;
t_12 ;
    %pushi/vec4 0, 0, 32;
    %store/vec4 v0x5bb29bc92ce0_0, 0, 32;
T_1.0 ;
    %load/vec4 v0x5bb29bc92ce0_0;
    %cmpi/s 8, 0, 32;
    %jmp/0xz T_1.1, 5;
    %load/vec4 v0x5bb29bc92ce0_0;
    %muli 536870911, 0, 32;
    %store/vec4 v0x5bb29bc93bb0_0, 0, 32;
    %pushi/vec4 7, 0, 32;
    %load/vec4 v0x5bb29bc92ce0_0;
    %sub;
    %muli 536870911, 0, 32;
    %store/vec4 v0x5bb29bc93cc0_0, 0, 32;
    %delay 10, 0;
    ; show_stmt_assign_vector: Get l-value for compressed += operand
    %load/vec4 v0x5bb29bc92ce0_0;
    %pushi/vec4 1, 0, 32;
    %add;
    %cast2;
    %store/vec4 v0x5bb29bc92ce0_0, 0, 32;
    %jmp T_1.0;
T_1.1 ;
    %end;
    .scope S_0x5bb29bc6ef50;
t_11 %join;
    %event E_0x5bb29bc6e9b0;
    %delay 20, 0;
    %vpi_call/w 3 59 "$dumpflush" {0 0 0};
    %vpi_call/w 3 60 "$finish" {0 0 0};
    %end;
    .thread T_1;
# The file index is used to find the file name in the following table.
:file_names 6;
    "N/A";
    "<interactive>";
    "-";
    "testbench.sv";
    "./checker.svh";
    "sum.sv";
