#! /usr/bin/vvp
:ivl_version "12.0 (stable)";
:ivl_delay_selection "TYPICAL";
:vpi_time_precision - 10;
:vpi_module "/usr/lib/x86_64-linux-gnu/ivl/system.vpi";
:vpi_module "/usr/lib/x86_64-linux-gnu/ivl/vhdl_sys.vpi";
:vpi_module "/usr/lib/x86_64-linux-gnu/ivl/vhdl_textio.vpi";
:vpi_module "/usr/lib/x86_64-linux-gnu/ivl/v2005_math.vpi";
:vpi_module "/usr/lib/x86_64-linux-gnu/ivl/va_math.vpi";
:vpi_module "/usr/lib/x86_64-linux-gnu/ivl/v2009.vpi";
S_0x61fcd8074dc0 .scope package, "$unit" "$unit" 2 1;
 .timescale 0 0;
S_0x61fcd8074f50 .scope module, "testbench" "testbench" 3 3;
 .timescale -9 -10;
v0x61fcd809d040_0 .var "a", 0 0;
v0x61fcd809d100_0 .var "b", 0 0;
v0x61fcd809d1d0_0 .var "c", 0 0;
v0x61fcd809d2d0_0 .net "r", 0 0, L_0x61fcd809d7c0;  1 drivers
E_0x61fcd8084540 .event "ev";
S_0x61fcd8083dc0 .scope begin, "$ivl_for_loop0" "$ivl_for_loop0" 4 9, 4 9 0, S_0x61fcd8074f50;
 .timescale -9 -10;
v0x61fcd8083f50_0 .var/2s "i", 31 0;
S_0x61fcd809c330 .scope begin, "$unm_blk_3" "$unm_blk_3" 3 61, 3 61 0, S_0x61fcd8074f50;
 .timescale -9 -10;
v0x61fcd809c530_0 .var "_r", 0 0;
S_0x61fcd809c5f0 .scope module, "DUT" "truth_table" 3 7, 5 1 0, S_0x61fcd8074f50;
 .timescale 0 0;
    .port_info 0 /INPUT 1 "a";
    .port_info 1 /INPUT 1 "b";
    .port_info 2 /INPUT 1 "c";
    .port_info 3 /OUTPUT 1 "r";
L_0x61fcd809d3a0 .functor NOT 1, v0x61fcd809d100_0, C4<0>, C4<0>, C4<0>;
L_0x61fcd809d440 .functor AND 1, v0x61fcd809d040_0, L_0x61fcd809d3a0, C4<1>, C4<1>;
L_0x61fcd809d550 .functor OR 1, v0x61fcd809d1d0_0, L_0x61fcd809d440, C4<0>, C4<0>;
L_0x61fcd809d660 .functor NOT 1, v0x61fcd809d040_0, C4<0>, C4<0>, C4<0>;
L_0x61fcd809d700 .functor AND 1, L_0x61fcd809d660, v0x61fcd809d100_0, C4<1>, C4<1>;
L_0x61fcd809d7c0 .functor OR 1, L_0x61fcd809d550, L_0x61fcd809d700, C4<0>, C4<0>;
v0x61fcd809c800_0 .net *"_ivl_0", 0 0, L_0x61fcd809d3a0;  1 drivers
v0x61fcd809c8e0_0 .net *"_ivl_2", 0 0, L_0x61fcd809d440;  1 drivers
v0x61fcd809c9c0_0 .net *"_ivl_4", 0 0, L_0x61fcd809d550;  1 drivers
v0x61fcd809cab0_0 .net *"_ivl_6", 0 0, L_0x61fcd809d660;  1 drivers
v0x61fcd809cb90_0 .net *"_ivl_8", 0 0, L_0x61fcd809d700;  1 drivers
v0x61fcd809ccc0_0 .net "a", 0 0, v0x61fcd809d040_0;  1 drivers
v0x61fcd809cd80_0 .net "b", 0 0, v0x61fcd809d100_0;  1 drivers
v0x61fcd809ce40_0 .net "c", 0 0, v0x61fcd809d1d0_0;  1 drivers
v0x61fcd809cf00_0 .net "r", 0 0, L_0x61fcd809d7c0;  alias, 1 drivers
    .scope S_0x61fcd8074f50;
T_0 ;
    %vpi_call/w 4 6 "$dumpfile", "dump.vcd" {0 0 0};
    %vpi_call/w 4 7 "$dumpvars", 32'sb00000000000000000000000000000000, S_0x61fcd8074f50 {0 0 0};
    %fork t_1, S_0x61fcd8083dc0;
    %jmp t_0;
    .scope S_0x61fcd8083dc0;
t_1 ;
    %pushi/vec4 0, 0, 32;
    %store/vec4 v0x61fcd8083f50_0, 0, 32;
T_0.0 ;
    %load/vec4 v0x61fcd8083f50_0;
    %cmpi/s 8, 0, 32;
    %jmp/0xz T_0.1, 5;
    %load/vec4 v0x61fcd8083f50_0;
    %pad/s 3;
    %split/vec4 1;
    %store/vec4 v0x61fcd809d040_0, 0, 1;
    %split/vec4 1;
    %store/vec4 v0x61fcd809d100_0, 0, 1;
    %store/vec4 v0x61fcd809d1d0_0, 0, 1;
    %delay 10, 0;
    %event E_0x61fcd8084540;
    %delay 90, 0;
    ; show_stmt_assign_vector: Get l-value for compressed += operand
    %load/vec4 v0x61fcd8083f50_0;
    %pushi/vec4 1, 0, 32;
    %add;
    %cast2;
    %store/vec4 v0x61fcd8083f50_0, 0, 32;
    %jmp T_0.0;
T_0.1 ;
    %end;
    .scope S_0x61fcd8074f50;
t_0 %join;
    %vpi_call/w 4 16 "$dumpflush" {0 0 0};
    %vpi_call/w 4 17 "$stop" {0 0 0};
    %end;
    .thread T_0;
    .scope S_0x61fcd8074f50;
T_1 ;
    %fork t_3, S_0x61fcd809c330;
    %jmp t_2;
    .scope S_0x61fcd809c330;
t_3 ;
T_1.0 ;
    %pushi/vec4 1, 0, 32;
    %or/r;
    %flag_set/vec4 8;
    %jmp/0xz T_1.1, 8;
    %wait E_0x61fcd8084540;
    %load/vec4 v0x61fcd809d040_0;
    %load/vec4 v0x61fcd809d100_0;
    %concat/vec4; draw_concat_vec4
    %load/vec4 v0x61fcd809d1d0_0;
    %concat/vec4; draw_concat_vec4
    %dup/vec4;
    %pushi/vec4 0, 0, 3;
    %cmp/u;
    %jmp/1 T_1.2, 6;
    %dup/vec4;
    %pushi/vec4 1, 0, 3;
    %cmp/u;
    %jmp/1 T_1.3, 6;
    %dup/vec4;
    %pushi/vec4 2, 0, 3;
    %cmp/u;
    %jmp/1 T_1.4, 6;
    %dup/vec4;
    %pushi/vec4 3, 0, 3;
    %cmp/u;
    %jmp/1 T_1.5, 6;
    %dup/vec4;
    %pushi/vec4 4, 0, 3;
    %cmp/u;
    %jmp/1 T_1.6, 6;
    %dup/vec4;
    %pushi/vec4 5, 0, 3;
    %cmp/u;
    %jmp/1 T_1.7, 6;
    %dup/vec4;
    %pushi/vec4 6, 0, 3;
    %cmp/u;
    %jmp/1 T_1.8, 6;
    %dup/vec4;
    %pushi/vec4 7, 0, 3;
    %cmp/u;
    %jmp/1 T_1.9, 6;
    %pushi/vec4 1, 1, 1;
    %store/vec4 v0x61fcd809c530_0, 0, 1;
    %jmp T_1.11;
T_1.2 ;
    %pushi/vec4 0, 0, 1;
    %store/vec4 v0x61fcd809c530_0, 0, 1;
    %jmp T_1.11;
T_1.3 ;
    %pushi/vec4 1, 0, 1;
    %store/vec4 v0x61fcd809c530_0, 0, 1;
    %jmp T_1.11;
T_1.4 ;
    %pushi/vec4 1, 0, 1;
    %store/vec4 v0x61fcd809c530_0, 0, 1;
    %jmp T_1.11;
T_1.5 ;
    %pushi/vec4 0, 0, 1;
    %store/vec4 v0x61fcd809c530_0, 0, 1;
    %jmp T_1.11;
T_1.6 ;
    %pushi/vec4 1, 0, 1;
    %store/vec4 v0x61fcd809c530_0, 0, 1;
    %jmp T_1.11;
T_1.7 ;
    %pushi/vec4 1, 0, 1;
    %store/vec4 v0x61fcd809c530_0, 0, 1;
    %jmp T_1.11;
T_1.8 ;
    %pushi/vec4 0, 0, 1;
    %store/vec4 v0x61fcd809c530_0, 0, 1;
    %jmp T_1.11;
T_1.9 ;
    %pushi/vec4 0, 0, 1;
    %store/vec4 v0x61fcd809c530_0, 0, 1;
    %jmp T_1.11;
T_1.11 ;
    %pop/vec4 1;
    %load/vec4 v0x61fcd809d2d0_0;
    %load/vec4 v0x61fcd809c530_0;
    %cmp/ne;
    %jmp/0xz  T_1.12, 6;
    %vpi_call/w 3 80 "$display", "Mismatch found! a: %1b, b: %1b, c: %1b | Expected r: %1b, Got r: %1b", v0x61fcd809d040_0, v0x61fcd809d100_0, v0x61fcd809d1d0_0, v0x61fcd809c530_0, v0x61fcd809d2d0_0 {0 0 0};
T_1.12 ;
    %jmp T_1.0;
T_1.1 ;
    %end;
    .scope S_0x61fcd8074f50;
t_2 %join;
    %end;
    .thread T_1;
# The file index is used to find the file name in the following table.
:file_names 6;
    "N/A";
    "<interactive>";
    "-";
    "testbench.sv";
    "./generator.svh";
    "truth_table.sv";
